<WSGIRequest: GET '/favicon.ico'>